
BCTfile               0.00
Ctlfile              37.44
Datafile        408,178.97
OnlineRedo        3,072.00
Tempfile         86,359.97
           ---------------
sum             497,648.38

5 rows selected.


TABLE              DISABLED                               8,337.81                    1,697
TABLE PARTITION    DISABLED                                  95.44                      287
TABLE SUBPARTITION DISABLED                               6,237.00                       54
                   ENABLED  BASIC                         1,381.44                       32
****************** ******** ************ ********* --------------- --------------- --------
sum                                                      16,051.69                    2,070

4 rows selected.


         1          1          1           512.00
                    2          1           512.00
                    3          1           512.00
         2          4          1           512.00
                    5          1           512.00
                    6          1           512.00
********** ********** ********** ----------------
sum                                      3,072.00

6 rows selected.


********************            ------------------- ------------------- -------------------


no rows selected


******************** ---------------


no rows selected


no rows selected

