
BCTfile              11.06
Ctlfile              42.50
Datafile        130,136.00
OnlineRedo        3,072.00
Tempfile          8,576.00
           ---------------
sum             141,837.56

5 rows selected.


TABLE              DISABLED                              82,655.94                    4,920
TABLE PARTITION    DISABLED                                 195.25                      328
TABLE SUBPARTITION DISABLED                                   2.00                       32
****************** ******** ************ ********* --------------- --------------- --------
sum                                                      82,853.19                    5,280

3 rows selected.


         1          1          1           512.00
                    2          1           512.00
         2          3          1           512.00
                    4          1           512.00
         3          5          1           512.00
                    6          1           512.00
********** ********** ********** ----------------
sum                                      3,072.00

6 rows selected.


********************            ------------------- ------------------- -------------------


no rows selected


14-SEP-2020                     0.00
******************** ---------------
                                0.00

1 row selected.


no rows selected

