
BCTfile               0.00
Ctlfile              36.31
Datafile        641,069.00
OnlineRedo        3,072.00
Tempfile         32,767.98
           ---------------
sum             676,945.30

5 rows selected.


TABLE              DISABLED                             320,378.38                    1,656
TABLE PARTITION    DISABLED                                 111.00                      287
TABLE SUBPARTITION DISABLED                                 594.00                       66
                   ENABLED  BASIC                           448.00                       56
****************** ******** ************ ********* --------------- --------------- --------
sum                                                     321,531.38                    2,065

4 rows selected.


         1          1          1           512.00
                    2          1           512.00
                    3          1           512.00
         2          4          1           512.00
                    5          1           512.00
                    6          1           512.00
********** ********** ********** ----------------
sum                                      3,072.00

6 rows selected.


********************            ------------------- ------------------- -------------------


no rows selected


******************** ---------------


no rows selected


no rows selected

