
BCTfile               0.00
Ctlfile             107.31
Datafile        307,375.00
OnlineRedo        4,096.00
Tempfile         32,767.00
           ---------------
sum             344,345.31

5 rows selected.


TABLE              DISABLED                               1,242.00                    1,040
TABLE PARTITION    DISABLED                              27,195.31                    1,035
                   ENABLED  ARCHIVE HIGH                 83,132.00      415,660.00    7,875
TABLE SUBPARTITION DISABLED                                   2.00                       32
****************** ******** ************ ********* --------------- --------------- --------
sum                                                     111,571.31      415,660.00    9,982

4 rows selected.


         1          1          2           256.00
                    2          2           256.00
                    3          2           256.00
                    7          2           256.00
         2          4          2           256.00
                    5          2           256.00
                    6          2           256.00
                    8          2           256.00
********** ********** ********** ----------------
sum                                      2,048.00

8 rows selected.


14-FEVR.-2022                D                       107.31              107.31              107.31
****************************            ------------------- ------------------- -------------------
                                                     107.31              107.31              107.31

1 row selected.


23-MAI  -2019                          25.91
03-OCT. -2021                          24.25
04-OCT. -2021                         283.73
05-OCT. -2021                         354.56
06-OCT. -2021                         348.60
07-OCT. -2021                         188.96
**************************** ---------------
                                    1,226.00

6 rows selected.


no rows selected

